
> server@1.0.0 test
> jest --runInBand

FAIL tests/forecast.test.js
  ● Forecast API › GET /api/forecast › should detect budget overrun risk (budgetRisks)

    expect(received).toBeDefined()

    Received: undefined

      51 |              // Spend 480 out of 500 in 5 days -> velocity is crazy high.
      52 |              // Projected spend will exceed 500 limit.
    > 53 |              expect(catRisk).toBeDefined();
         |                              ^
      54 |              expect(catRisk.budget_limit).toBe(500);
      55 |              expect(catRisk.spent).toBe(480);
      56 |              expect(catRisk.projectedTotal).toBeGreaterThan(500);

      at Object.toBeDefined (tests/forecast.test.js:53:30)

PASS tests/goals.test.js
PASS tests/transactions.test.js
  ● Console

    console.error
      Server Error: AppError: Amount, Category, and Type are required
          at /home/churchill/Documents/code-projects/personal-finance/server/routes/transactions.js:26:11
          at fn (/home/churchill/Documents/code-projects/personal-finance/server/middleware/error.js:34:19)
          at Layer.handleRequest (/home/churchill/Documents/code-projects/personal-finance/server/node_modules/router/lib/layer.js:152:17)
          at next (/home/churchill/Documents/code-projects/personal-finance/server/node_modules/router/lib/route.js:157:13)
          at Route.dispatch (/home/churchill/Documents/code-projects/personal-finance/server/node_modules/router/lib/route.js:117:3)
          at handle (/home/churchill/Documents/code-projects/personal-finance/server/node_modules/router/index.js:435:11)
          at Layer.handleRequest (/home/churchill/Documents/code-projects/personal-finance/server/node_modules/router/lib/layer.js:152:17)
          at /home/churchill/Documents/code-projects/personal-finance/server/node_modules/router/index.js:295:15
          at processParams (/home/churchill/Documents/code-projects/personal-finance/server/node_modules/router/index.js:582:12)
          at next (/home/churchill/Documents/code-projects/personal-finance/server/node_modules/router/index.js:291:5)
          at Function.handle (/home/churchill/Documents/code-projects/personal-finance/server/node_modules/router/index.js:186:3)
          at router (/home/churchill/Documents/code-projects/personal-finance/server/node_modules/router/index.js:60:12)
          at Layer.handleRequest (/home/churchill/Documents/code-projects/personal-finance/server/node_modules/router/lib/layer.js:152:17)
          at trimPrefix (/home/churchill/Documents/code-projects/personal-finance/server/node_modules/router/index.js:342:13)
          at /home/churchill/Documents/code-projects/personal-finance/server/node_modules/router/index.js:297:9
          at processParams (/home/churchill/Documents/code-projects/personal-finance/server/node_modules/router/index.js:582:12)
          at next (/home/churchill/Documents/code-projects/personal-finance/server/node_modules/router/index.js:291:5)
          at /home/churchill/Documents/code-projects/personal-finance/server/node_modules/body-parser/lib/read.js:171:5
          at AsyncResource.runInAsyncScope (node:async_hooks:206:9)
          at invokeCallback (/home/churchill/Documents/code-projects/personal-finance/server/node_modules/raw-body/index.js:238:16)
          at done (/home/churchill/Documents/code-projects/personal-finance/server/node_modules/raw-body/index.js:227:7)
          at IncomingMessage.onEnd (/home/churchill/Documents/code-projects/personal-finance/server/node_modules/raw-body/index.js:287:7)
          at IncomingMessage.emit (node:events:524:28)
          at endReadableNT (node:internal/streams/readable:1698:12)
          at processTicksAndRejections (node:internal/process/task_queues:82:21) {
        statusCode: 400
      }

       7 |
       8 | function errorHandler(err, req, res, next) {
    >  9 |   console.error("Server Error:", err);
         |           ^
      10 |
      11 |   const statusCode = err.statusCode || 500;
      12 |   const response = {

      at error (middleware/error.js:9:11)
      at Layer.handleError (node_modules/router/lib/layer.js:116:17)
      at trimPrefix (node_modules/router/index.js:340:13)
      at node_modules/router/index.js:297:9
      at processParams (node_modules/router/index.js:582:12)
      at next (node_modules/router/index.js:291:5)
      at node_modules/router/index.js:688:15
      at next (node_modules/router/index.js:276:14)
      at next (node_modules/router/lib/route.js:132:14)

    console.error
      Server Error: AppError: Transaction not found
          at /home/churchill/Documents/code-projects/personal-finance/server/routes/transactions.js:78:11
          at fn (/home/churchill/Documents/code-projects/personal-finance/server/middleware/error.js:34:19)
          at Layer.handleRequest (/home/churchill/Documents/code-projects/personal-finance/server/node_modules/router/lib/layer.js:152:17)
          at next (/home/churchill/Documents/code-projects/personal-finance/server/node_modules/router/lib/route.js:157:13)
          at Route.dispatch (/home/churchill/Documents/code-projects/personal-finance/server/node_modules/router/lib/route.js:117:3)
          at handle (/home/churchill/Documents/code-projects/personal-finance/server/node_modules/router/index.js:435:11)
          at Layer.handleRequest (/home/churchill/Documents/code-projects/personal-finance/server/node_modules/router/lib/layer.js:152:17)
          at /home/churchill/Documents/code-projects/personal-finance/server/node_modules/router/index.js:295:15
          at param (/home/churchill/Documents/code-projects/personal-finance/server/node_modules/router/index.js:600:14)
          at param (/home/churchill/Documents/code-projects/personal-finance/server/node_modules/router/index.js:610:14)
          at processParams (/home/churchill/Documents/code-projects/personal-finance/server/node_modules/router/index.js:664:3)
          at next (/home/churchill/Documents/code-projects/personal-finance/server/node_modules/router/index.js:291:5)
          at Function.handle (/home/churchill/Documents/code-projects/personal-finance/server/node_modules/router/index.js:186:3)
          at router (/home/churchill/Documents/code-projects/personal-finance/server/node_modules/router/index.js:60:12)
          at Layer.handleRequest (/home/churchill/Documents/code-projects/personal-finance/server/node_modules/router/lib/layer.js:152:17)
          at trimPrefix (/home/churchill/Documents/code-projects/personal-finance/server/node_modules/router/index.js:342:13)
          at /home/churchill/Documents/code-projects/personal-finance/server/node_modules/router/index.js:297:9
          at processParams (/home/churchill/Documents/code-projects/personal-finance/server/node_modules/router/index.js:582:12)
          at next (/home/churchill/Documents/code-projects/personal-finance/server/node_modules/router/index.js:291:5)
          at read (/home/churchill/Documents/code-projects/personal-finance/server/node_modules/body-parser/lib/read.js:53:5)
          at jsonParser (/home/churchill/Documents/code-projects/personal-finance/server/node_modules/body-parser/lib/types/json.js:88:5)
          at Layer.handleRequest (/home/churchill/Documents/code-projects/personal-finance/server/node_modules/router/lib/layer.js:152:17)
          at trimPrefix (/home/churchill/Documents/code-projects/personal-finance/server/node_modules/router/index.js:342:13)
          at /home/churchill/Documents/code-projects/personal-finance/server/node_modules/router/index.js:297:9
          at processParams (/home/churchill/Documents/code-projects/personal-finance/server/node_modules/router/index.js:582:12)
          at next (/home/churchill/Documents/code-projects/personal-finance/server/node_modules/router/index.js:291:5)
          at cors (/home/churchill/Documents/code-projects/personal-finance/server/node_modules/cors/lib/index.js:188:7)
          at /home/churchill/Documents/code-projects/personal-finance/server/node_modules/cors/lib/index.js:224:17
          at originCallback (/home/churchill/Documents/code-projects/personal-finance/server/node_modules/cors/lib/index.js:214:15)
          at /home/churchill/Documents/code-projects/personal-finance/server/node_modules/cors/lib/index.js:219:13
          at optionsCallback (/home/churchill/Documents/code-projects/personal-finance/server/node_modules/cors/lib/index.js:199:9)
          at corsMiddleware (/home/churchill/Documents/code-projects/personal-finance/server/node_modules/cors/lib/index.js:204:7)
          at Layer.handleRequest (/home/churchill/Documents/code-projects/personal-finance/server/node_modules/router/lib/layer.js:152:17)
          at trimPrefix (/home/churchill/Documents/code-projects/personal-finance/server/node_modules/router/index.js:342:13)
          at /home/churchill/Documents/code-projects/personal-finance/server/node_modules/router/index.js:297:9
          at processParams (/home/churchill/Documents/code-projects/personal-finance/server/node_modules/router/index.js:582:12)
          at next (/home/churchill/Documents/code-projects/personal-finance/server/node_modules/router/index.js:291:5)
          at Function.handle (/home/churchill/Documents/code-projects/personal-finance/server/node_modules/router/index.js:186:3)
          at Function.handle (/home/churchill/Documents/code-projects/personal-finance/server/node_modules/express/lib/application.js:177:15)
          at Server.app (/home/churchill/Documents/code-projects/personal-finance/server/node_modules/express/lib/express.js:38:9)
          at Server.emit (node:events:524:28)
          at parserOnIncoming (node:_http_server:1141:12)
          at HTTPParser.parserOnHeadersComplete (node:_http_common:118:17) {
        statusCode: 404
      }

       7 |
       8 | function errorHandler(err, req, res, next) {
    >  9 |   console.error("Server Error:", err);
         |           ^
      10 |
      11 |   const statusCode = err.statusCode || 500;
      12 |   const response = {

      at error (middleware/error.js:9:11)
      at Layer.handleError (node_modules/router/lib/layer.js:116:17)
      at trimPrefix (node_modules/router/index.js:340:13)
      at node_modules/router/index.js:297:9
      at processParams (node_modules/router/index.js:582:12)
      at Immediate.next (node_modules/router/index.js:291:5)
      at Immediate._onImmediate (node_modules/router/index.js:688:15)

    console.error
      Server Error: AppError: Invalid batch data
          at /home/churchill/Documents/code-projects/personal-finance/server/routes/transactions.js:37:11
          at fn (/home/churchill/Documents/code-projects/personal-finance/server/middleware/error.js:34:19)
          at Layer.handleRequest (/home/churchill/Documents/code-projects/personal-finance/server/node_modules/router/lib/layer.js:152:17)
          at next (/home/churchill/Documents/code-projects/personal-finance/server/node_modules/router/lib/route.js:157:13)
          at Route.dispatch (/home/churchill/Documents/code-projects/personal-finance/server/node_modules/router/lib/route.js:117:3)
          at handle (/home/churchill/Documents/code-projects/personal-finance/server/node_modules/router/index.js:435:11)
          at Layer.handleRequest (/home/churchill/Documents/code-projects/personal-finance/server/node_modules/router/lib/layer.js:152:17)
          at /home/churchill/Documents/code-projects/personal-finance/server/node_modules/router/index.js:295:15
          at processParams (/home/churchill/Documents/code-projects/personal-finance/server/node_modules/router/index.js:582:12)
          at next (/home/churchill/Documents/code-projects/personal-finance/server/node_modules/router/index.js:291:5)
          at Function.handle (/home/churchill/Documents/code-projects/personal-finance/server/node_modules/router/index.js:186:3)
          at router (/home/churchill/Documents/code-projects/personal-finance/server/node_modules/router/index.js:60:12)
          at Layer.handleRequest (/home/churchill/Documents/code-projects/personal-finance/server/node_modules/router/lib/layer.js:152:17)
          at trimPrefix (/home/churchill/Documents/code-projects/personal-finance/server/node_modules/router/index.js:342:13)
          at /home/churchill/Documents/code-projects/personal-finance/server/node_modules/router/index.js:297:9
          at processParams (/home/churchill/Documents/code-projects/personal-finance/server/node_modules/router/index.js:582:12)
          at next (/home/churchill/Documents/code-projects/personal-finance/server/node_modules/router/index.js:291:5)
          at /home/churchill/Documents/code-projects/personal-finance/server/node_modules/body-parser/lib/read.js:171:5
          at AsyncResource.runInAsyncScope (node:async_hooks:206:9)
          at invokeCallback (/home/churchill/Documents/code-projects/personal-finance/server/node_modules/raw-body/index.js:238:16)
          at done (/home/churchill/Documents/code-projects/personal-finance/server/node_modules/raw-body/index.js:227:7)
          at IncomingMessage.onEnd (/home/churchill/Documents/code-projects/personal-finance/server/node_modules/raw-body/index.js:287:7)
          at IncomingMessage.emit (node:events:524:28)
          at endReadableNT (node:internal/streams/readable:1698:12)
          at processTicksAndRejections (node:internal/process/task_queues:82:21) {
        statusCode: 400
      }

       7 |
       8 | function errorHandler(err, req, res, next) {
    >  9 |   console.error("Server Error:", err);
         |           ^
      10 |
      11 |   const statusCode = err.statusCode || 500;
      12 |   const response = {

      at error (middleware/error.js:9:11)
      at Layer.handleError (node_modules/router/lib/layer.js:116:17)
      at trimPrefix (node_modules/router/index.js:340:13)
      at node_modules/router/index.js:297:9
      at processParams (node_modules/router/index.js:582:12)
      at next (node_modules/router/index.js:291:5)
      at node_modules/router/index.js:688:15
      at next (node_modules/router/index.js:276:14)
      at next (node_modules/router/lib/route.js:132:14)

PASS tests/insights.test.js

Test Suites: 1 failed, 3 passed, 4 total
Tests:       1 failed, 22 passed, 23 total
Snapshots:   0 total
Time:        2.849 s, estimated 3 s
Ran all test suites.
